// Jest Snapshot v1, https://goo.gl/fbAQLP

exports[`Render Matches DOM Snapshot 1`] = `
<DocumentFragment>
  <div
    data-highcharts-chart="1"
    style="overflow: hidden;"
  >
    <div
      class="highcharts-container "
      dir="ltr"
      id="highcharts-2"
      style="position: relative; overflow: hidden; width: 600px; height: 300px; text-align: left; line-height: normal; z-index: 0; user-select: none; outline: none;"
    >
      <svg
        aria-label="Commuter Populations in Selected Regions"
        class="highcharts-root"
        height="300"
        role="img"
        style="font-family: Helvetica, Arial, sans-serif; font-size: 1rem;"
        version="1.1"
        viewBox="0 0 600 300"
        width="600"
        xmlns="http://www.w3.org/2000/svg"
      >
        <desc>
          Created with Highcharts 11.2.0
        </desc>
        <defs>
          <filter
            id="highcharts-drop-shadow-1"
          >
            <fedropshadow
              dx="1"
              dy="1"
              flood-color="#000000"
              flood-opacity="0.75"
              stdDeviation="2.5"
            />
          </filter>
          <clippath
            id="highcharts-3-"
          >
            <rect
              fill="none"
              height="580"
              width="275"
              x="0"
              y="0"
            />
          </clippath>
        </defs>
        <rect
          class="highcharts-background"
          fill="#ffffff"
          filter="none"
          height="300"
          rx="0"
          ry="0"
          width="600"
          x="0"
          y="0"
        />
        <rect
          class="highcharts-plot-background"
          fill="none"
          filter="none"
          height="275"
          width="580"
          x="10"
          y="10"
        />
        <rect
          class="highcharts-plot-border"
          data-z-index="1"
          fill="none"
          height="275"
          stroke="#cccccc"
          stroke-width="0"
          width="580"
          x="10"
          y="10"
        />
        <g
          class="highcharts-series-group"
          data-z-index="3"
          filter="none"
        />
        <text
          class="highcharts-title"
          data-z-index="4"
          style="font-size: 1.2em; color: rgb(51, 51, 51); font-weight: bold; fill: #333333;"
          text-anchor="middle"
          x="300"
          y="10"
        >
          Commuter Populations in Selected Regions
        </text>
        <text
          class="highcharts-subtitle"
          data-z-index="4"
          style="color: rgb(102, 102, 102); font-size: 0.8em; fill: #666666;"
          text-anchor="middle"
          x="300"
          y="10"
        />
        <text
          class="highcharts-caption"
          data-z-index="4"
          style="color: rgb(102, 102, 102); font-size: 0.8em; fill: #666666;"
          text-anchor="start"
          x="10"
          y="287"
        />
        <g
          class="highcharts-legend highcharts-no-tooltip"
          data-z-index="7"
          visibility="hidden"
        >
          <rect
            class="highcharts-legend-box"
            fill="none"
            filter="none"
            height="8"
            rx="0"
            ry="0"
            stroke="#999999"
            stroke-width="0"
            width="8"
            x="0"
            y="0"
          />
          <g
            data-z-index="1"
          >
            <g />
          </g>
        </g>
        <text
          class="highcharts-credits"
          data-z-index="8"
          style="cursor: pointer; color: rgb(153, 153, 153); font-size: 0.6em; fill: #999999;"
          text-anchor="end"
          x="590"
          y="295"
        >
          Highcharts.com
        </text>
      </svg>
    </div>
  </div>
</DocumentFragment>
`;
